  > [4mUnformatted Error Output:[0m
  > File "tests/type_UnboundValue/type_UnboundValue_1.ml", line 1, characters 21-27:
  > Error: Unbound value perhap
  > Hint: Did you mean perhaps?

[1m[31mError:[0m [4m[36mtests/type_UnboundValue/type_UnboundValue_1.ml:1 21-27[0m [1m[31m[0m
1 Â¦ let callMe perhaps = [4m[1m[31mperhap[0m 1

The value named [1m[31mperhap[0m can't be found. Did you mean [33mperhaps[0m?


