  > [4mUnformatted Error Output:[0m
  > File "tests/type_UnboundValue/type_UnboundValue_2.ml", line 1, characters 21-24:
  > Error: Unbound value nvm

[1m[31mError:[0m [4m[36mtests/type_UnboundValue/type_UnboundValue_2.ml:1 21-24[0m [1m[31m[0m
1 Â¦ let callMe perhaps = [4m[1m[31mnvm[0m 1

The value named [1m[31mnvm[0m can't be found. Could it be a typo?


