  > [4mUnformatted Warning Output:[0m
  > File "tests/warning_PatternUnused/warning_PatternUnused_1.ml", line 8, characters 2-3:
  > Warning 11: this match case is unused.

[1m[33mWarning:[0m [4m[36mtests/warning_PatternUnused/warning_PatternUnused_1.ml:8 2-3[0m [1m[33m [Warning Code 11] [0m
5 Â¦ let say a = match a with
6 Â¦ | Hello -> ()
7 Â¦ | Goodbye -> ()
8 Â¦ | [4m[1m[33m_[0m -> ()



