  > [4mUnformatted Error Output:[0m
  > File "tests/type_MismatchTypeArguments/type_MismatchTypeArguments_1.ml", line 4, characters 14-21:
  > Error: The constructor Coconut expects 1 argument(s),
  >        but is applied here to 0 argument(s)

[1m[31mError:[0m [4m[36mtests/type_MismatchTypeArguments/type_MismatchTypeArguments_1.ml:4 14-21[0m [1m[31m[0m
1 Â¦ type bread =
2 Â¦   | Coconut of string
3 Â¦ 
4 Â¦ let morning = [4m[1m[31mCoconut[0m

You must pass exactly 1 argument to this variant. You have passed 0 arguments.


