  > [4mUnformatted Error Output:[0m
  > File "tests/type_RecordFieldNotBelong/type_RecordFieldNotBelong_2.ml", line 8, characters 2-4:
  > Error: This record expression is expected to have type point
  >        The field xs does not belong to type point

[1m[31mError:[0m [4m[36mtests/type_RecordFieldNotBelong/type_RecordFieldNotBelong_2.ml:8 2-4[0m [1m[31m[0m
 5 Â¦ }
 6 Â¦ 
 7 Â¦ let myPoint: point = {
 8 Â¦   [4m[1m[31mxs[0m = 0;
 9 Â¦   ys = 10;
10 Â¦   dogs = "hi";
11 Â¦ };



