  > [4mUnformatted Error Output:[0m
  > File "tests/type_AppliedTooMany/type_AppliedTooMany_2.ml", line 3, characters 21-33:
  > Error: This function has type
  >          string ->
  >          string -> string -> string -> string -> string -> string -> string
  >        It is applied to too many arguments; maybe you forgot a `;'.

[1m[31mError:[0m [4m[36mtests/type_AppliedTooMany/type_AppliedTooMany_2.ml:3 21-33[0m [1m[31m[0m
1 Â¦ let longFunction a b c d e f g = a ^ b ^ c ^ d ^ e ^ f ^ g
2 Â¦ 
3 Â¦ let evenLongerCall = [4m[1m[31mlongFunction[0m "a" "a" "a" "a" "a" "a" "a" "a"

This function has type (string, string, string, string, string, string, string) => string
It accepts only 7 arguments. You gave more. Maybe you forgot a ; somewhere?


