  > [4mUnformatted Error Output:[0m
  > File "tests/type_AppliedTooMany/type_AppliedTooMany_1.ml", line 3, characters 24-36:
  > Error: This function has type 'a -> (int -> 'b) -> string
  >        It is applied to too many arguments; maybe you forgot a `;'.

[1m[31mError:[0m [4m[36mtests/type_AppliedTooMany/type_AppliedTooMany_1.ml:3 24-36[0m [1m[31m[0m
1 Â¦ let omNomNomArgs a b = (ignore (b 1)); "hello world!"
2 Â¦ 
3 Â¦ let () = print_endline ([4m[1m[31momNomNomArgs[0m 1 (fun x -> "a") 1)

This function has type ('a, int => 'b) => string
It accepts only 2 arguments. You gave more. Maybe you forgot a ; somewhere?


