  > [4mUnformatted Error Output:[0m
  > File "tests/type_SignatureItemMismatch/type_SignatureItemMismatch_9.ml", line 6, characters 24-59:
  > Error: Signature mismatch:
  >        Modules do not match:
  >          sig type wrongType = float end
  >        is not included in
  >          Sig
  >        Type declarations do not match:
  >          type wrongType = float
  >        is not included in
  >          type wrongType = int
  >        File "tests/type_SignatureItemMismatch/type_SignatureItemMismatch_9.ml", line 3, characters 2-22:
  >          Expected declaration
  >        File "tests/type_SignatureItemMismatch/type_SignatureItemMismatch_9.ml", line 7, characters 2-24:
  >          Actual declaration

[1m[31mError:[0m [4m[36mtests/type_SignatureItemMismatch/type_SignatureItemMismatch_9.ml:6:24-8:3[0m [1m[31m[0m
3 Â¦   type wrongType = int
4 Â¦ end
5 Â¦ 
6 Â¦ module MyModule : Sig = [4m[1m[31mstruct[0m
7 Â¦ [4m[1m[31m  type wrongType = float[0m
8 Â¦ [4m[1m[31mend[0m
9 Â¦ 

[1mThis module contains a type definition that contradicts its signature[0m

  [2m[36mAt[0m [2m[36mtests/type_SignatureItemMismatch/type_SignatureItemMismatch_9.ml[0m[2m:3[0m
  The signature says that the type definition must be:

  [1m[32mtype wrongType = float;[0m


  [2m[36mAt[0m [2m[36mtests/type_SignatureItemMismatch/type_SignatureItemMismatch_9.ml[0m[2m:7[0m
  Your module defines the type to be:

  [1m[31mtype wrongType = int;[0m




