[2m[1m[39m# Unformatted Error Output:[0m
[2m# [0m[2mFile "tests/type_SignatureItemMismatch/type_SignatureItemMismatch_11.ml", line 1:[0m
[2m# [0m[2mError: Could not find the .cmi file for interface[0m
[2m# [0m[2m       tests/type_SignatureItemMismatch/type_SignatureItemMismatch_11.mli.[0m


[7m[1m[31m ERROR [0m [4m[36mtests/type_SignatureItemMismatch/type_SignatureItemMismatch_11.ml[0m[4m[2m[39m:1 0-0[0m [1m[31m[0m

[2m[31m1 â”† [0m[4m[1m[31m[0m[2m[39m[2m[39m[2m[39m[2m[39m[2m[39m(* [0m[2m[34mTest[0m[2m[39m wrongly specified [0m[2m[35mtype[0m[2m[39m but from interface *)[0m[0m[0m[0m[0m
[2m2 â”† [0m[2m[39m[2m[39m[2m[39m[2m[39m[2m[35mtype[0m[2m[39m wrongArity = float[0m[0m[0m[0m[0m
[2m3 â”† [0m[2m[39m[2m[39m[2m[39m[2m[39m[2m[35mtype[0m[2m[39m wrongType = float[0m[0m[0m[0m[0m



