  > [4mUnformatted Error Output:[0m
  > File "tests/prettyPrint/prettyPrint_1.ml", line 5, characters 38-45:
  > Error: The constructor Coconut expects 1 argument(s),
  >        but is applied here to 0 argument(s)

[1m[31mError:[0m [4m[36mtests/prettyPrint/prettyPrint_1.ml:5 38-45[0m [1m[31m[0m
 2 Â¦ 
 3 Â¦ type bread =
 4 Â¦   | Coconut of string
 5 Â¦ let morning = [4m[1m[31mCoconut[0m
 6 Â¦ 
 7 Â¦ 
 8 Â¦ 

You must pass exactly 1 argument to this variant. You have passed 0 arguments.


