  > [4mUnformatted Error Output:[0m
  > File "tests/type_AppliedWithoutLabel/type_AppliedWithoutLabel_1.ml", line 4, characters 6-7:
  > Error: The function applied to this argument has type a:'a -> b:'b -> unit

[1m[31mError:[0m [4m[36mtests/type_AppliedWithoutLabel/type_AppliedWithoutLabel_1.ml:4 6-7[0m [1m[31m[0m
1 Â¦ let f ~a ~b c = ()
2 Â¦ 
3 Â¦ let () =
4 Â¦   f 1 [4m[1m[31m2[0m



This argument cannot be applied without label
