[36mtests/type_NotAFunction/type_NotAFunction_1.ml:2 2-23
[0m1 â”‚ let a =
2 â”‚   [31m[[[[[[[[[[5]]]]]]]]]][0m ()

[31mError[0m: This is list(list(list(list(list(list(list(list(list(list(int)))))))))). You seem to have called it as a function.
Careful with spaces, semicolons, parentheses, and whatever in-between!
