[36mtests/type_IncompatibleType/type_IncompatibleType_6.ml:3 32-39
[0m1 â”‚ let iTakeAFunction f a = f "yes" a
2 â”‚ 
3 â”‚ let () = ignore (iTakeAFunction [31m"rebel"[0m)

[31mError[0m: The types don't match.
[31mThis is:[0m [31mstring[0m
[32mWanted:[0m  [32m(string, 'a) => 'b[0m
