  > [4mUnformatted Warning Output:[0m
  > File "tests/type_IncompatibleType/type_IncompatibleType_5.ml", line 17, characters 5-16:
  > Warning 40: this record of type TopNotchModule.myRecord contains fields that are 
  > not visible in the current scope: nihao.
  > They will not be selected if the type becomes unknown.

[1m[33mWarning:[0m [4m[36mtests/type_IncompatibleType/type_IncompatibleType_5.ml:17 5-16[0m [1m[33m [Warning Code 40] [0m
14 Â¦ end
15 Â¦ 
16 Â¦ let asd: PettyModule.Nested.weAreStrings =
17 Â¦   ([[[4m[1m[33m{nihao = 1}[0m]]: TopNotchModule.myRecordListList)



  > [4mUnformatted Error Output:[0m
  > File "tests/type_IncompatibleType/type_IncompatibleType_5.ml", line 17, characters 2-52:
  > Error: This expression has type
  >          TopNotchModule.myRecordListList = TopNotchModule.myRecordList list
  >        but an expression was expected of type
  >          PettyModule.Nested.weAreStrings = PettyModule.youAreAString list
  >        Type TopNotchModule.myRecordList = TopNotchModule.myRecord list
  >        is not compatible with type PettyModule.youAreAString = string 

[1m[31mError:[0m [4m[36mtests/type_IncompatibleType/type_IncompatibleType_5.ml:17 2-52[0m [1m[31m[0m
14 Â¦ end
15 Â¦ 
16 Â¦ let asd: PettyModule.Nested.weAreStrings =
17 Â¦   [4m[1m[31m([[{nihao = 1}]]: TopNotchModule.myRecordListList)[0m

This type doesn't match what is expected.

[1mThis type:[0m [1m[31mTopNotchModule.myRecordListList[0m
[1mExpecting:[0m [32mPettyModule.Nested.weAreStrings[0m

Extra info: Type TopNotchModule.myRecordList = TopNotchModule.myRecord list
       is not compatible with type PettyModule.youAreAString = string


