  > [4mUnformatted Warning Output:[0m
  > File "tests/type_IncompatibleType/type_IncompatibleType_4.ml", line 14, characters 44-55:
  > Warning 40: this record of type TopNotchModule.myRecord contains fields that are 
  > not visible in the current scope: nihao.
  > They will not be selected if the type becomes unknown.

[1m[33mWarning:[0m [4m[36mtests/type_IncompatibleType/type_IncompatibleType_4.ml:14 44-55[0m [1m[33m [Warning Code 40] [0m
11 Â¦   end
12 Â¦ end
13 Â¦ 
14 Â¦ let asd: TopNotchModule.jeSuisStrings = ([[[[4m[1m[33m{nihao = 1}[0m]]]: TopNotchModule.Nested.wow)



  > [4mUnformatted Error Output:[0m
  > File "tests/type_IncompatibleType/type_IncompatibleType_4.ml", line 14, characters 41-58:
  > Error: This expression has type
  >          TopNotchModule.Nested.wow = TopNotchModule.myRecordListListList list
  >        but an expression was expected of type
  >          TopNotchModule.jeSuisStrings = TopNotchModule.jeSuisString list list
  >        Type
  >          TopNotchModule.myRecordListListList =
  >            TopNotchModule.myRecordListList list
  >        is not compatible with type TopNotchModule.jeSuisString list 
  >        Type
  >          TopNotchModule.myRecordListList = TopNotchModule.myRecordList list
  >        is not compatible with type TopNotchModule.jeSuisString = string 

[1m[31mError:[0m [4m[36mtests/type_IncompatibleType/type_IncompatibleType_4.ml:14 41-58[0m [1m[31m[0m
11 Â¦   end
12 Â¦ end
13 Â¦ 
14 Â¦ let asd: TopNotchModule.jeSuisStrings = ([4m[1m[31m[[[{nihao = 1}]]][0m: TopNotchModule.Nested.wow)

This type doesn't match what is expected.

[1mThis type:[0m [1m[31mTopNotchModule.Nested.wow[0m
[1mExpecting:[0m [32mTopNotchModule.jeSuisStrings[0m

Extra info: Type
         TopNotchModule.myRecordListListList =
           TopNotchModule.myRecordListList list
       is not compatible with type TopNotchModule.jeSuisString list 
       Type
         TopNotchModule.myRecordListList = TopNotchModule.myRecordList list
       is not compatible with type TopNotchModule.jeSuisString = string


