  > [4mUnformatted Error Output:[0m
  > File "tests/type_IncompatibleType/type_IncompatibleType_1.ml", line 1, characters 3-6:
  > Error: This expression has type int but an expression was expected of type
  >          bool

[1m[31mError:[0m [4m[36mtests/type_IncompatibleType/type_IncompatibleType_1.ml:1 3-6[0m [1m[31m[0m
1 Â¦ if [4m[1m[31m123[0m then "asd" else "a"

This type doesn't match what is expected.

[1mThis type:[0m [1m[31mint[0m
[1mExpecting:[0m [32mbool[0m



