  > [4mUnformatted Warning Output:[0m
  > File "tests/warning_PatternNotExhaustive/warning_PatternNotExhaustive_2.ml", line 8, characters 12-38:
  > Warning 8: this pattern-matching is not exhaustive.

[1m[33mWarning:[0m [4m[36mtests/warning_PatternNotExhaustive/warning_PatternNotExhaustive_2.ml:8:12-9:13[0m [1m[33m [Warning Code 8] [0m
5 Â¦   | Nihao of int
6 Â¦   | LongAssGreetingInSomeSuperObscureLanguageIWannaHaveALineBreakHere
7 Â¦ 
8 Â¦ let say a = [4m[1m[33mmatch a with[0m
9 Â¦ [4m[1m[33m| Hello -> ()[0m



Here is an example of a case that is not matched:
(Goodbye|LongAssGreetingInSomeSuperObscureLanguageIWannaHaveALineBreakHere|
Hola _|Nihao _)
