  > [4mUnformatted Warning Output:[0m
  > File "tests/warning_PatternNotExhaustive/warning_PatternNotExhaustive_1.ml", line 5, characters 12-38:
  > Warning 8: this pattern-matching is not exhaustive.

[1m[33mWarning:[0m [4m[36mtests/warning_PatternNotExhaustive/warning_PatternNotExhaustive_1.ml:5:12-6:13[0m [1m[33m [Warning Code 8] [0m
2 Â¦   | Hello
3 Â¦   | Goodbye
4 Â¦ 
5 Â¦ let say a = [4m[1m[33mmatch a with[0m
6 Â¦ [4m[1m[33m| Hello -> ()[0m



Here is an example of a case that is not matched:
Goodbye
