  > [4mUnformatted Error Output:[0m
  > File "tests/file_IllegalCharacter/file_IllegalCharacter_1.ml", line 2, characters 2-3:
  > Error: Illegal character (\\)

[1m[31mError:[0m [4m[36mtests/file_IllegalCharacter/file_IllegalCharacter_1.ml:2 2-3[0m [1m[31m[0m
1 Â¦ let () =
2 Â¦   [4m[1m[31m\[0mhahaha look at me
3 Â¦   roaming free
4 Â¦   this is a haiku
5 Â¦   kidding it's not

The character `\\` is illegal.


