  > [4mUnformatted Error Output:[0m
  > File "tests/file_SyntaxError/file_SyntaxError_4.ml", line 5, characters 23-24:
  > Error: Syntax error

[1m[31mError:[0m [4m[36mtests/file_SyntaxError/file_SyntaxError_4.ml:5 23-24[0m [1m[31m[0m
2 Â¦   path: string;
3 Â¦   messages: message list;
4 Â¦ }
5 Â¦ type output = file list[4m[1m[31m;[0m

This is a syntax error.
Make sure all imperative statements, as well as let/type bindings have exactly one semicolon separating them.
Note: the location indicated might not be accurate.


