  > [4mUnformatted Error Output:[0m
  > File "tests/file_SyntaxError/file_SyntaxError_2.ml", line 1, characters 20-21:
  > Error: Syntax error: operator expected.

[1m[31mError:[0m [4m[36mtests/file_SyntaxError/file_SyntaxError_2.ml:1 20-21[0m [1m[31m[0m
1 Â¦ let a = (print_char [4m[1m[31m'[0ma)

This is a syntax error: operator expected.

Note: the location indicated might not be accurate.


