  > [4mUnformatted Error Output:[0m
  > File "tests/type_UnboundModule/type_UnboundModule_2.ml", line 10, characters 5-63:
  > Error: Unbound module HelloWorld.ThisMorningIThink.IWillEatSomeDelicious.Pancaek
  > Hint: Did you mean Pancake?

[1m[31mError:[0m [4m[36mtests/type_UnboundModule/type_UnboundModule_2.ml:10 5-63[0m [1m[31m[0m
 7 Â¦   end
 8 Â¦ end
 9 Â¦ 
10 Â¦ open [4m[1m[31mHelloWorld.ThisMorningIThink.IWillEatSomeDelicious.Pancaek[0m

Module [1m[31mHelloWorld.ThisMorningIThink.IWillEatSomeDelicious.Pancaek;[0m not found in included libraries.

Hint: did you mean [33mPancake[0m?


